Load map
========

Module:  skyscrapers.obj
 Text segment:  452 bytes, load point 0x00400000
 Data segment:  736 bytes, load point 0x10000000
 Symbols:
                     Name Section Mode    Value
               two_spaces   Data   R   0x100001ee
           row_terminator   Data   R   0x100001e9
              initial_msg   Data   R   0x100001c2
        impossible_puzzle   Data   R   0x100002c5
       invalid_board_size   Data   R   0x100001fc
         error_board_size   Text   R   0x0040008c
               west_array   Data   R   0x10000164
              north_array   Data   R   0x10000104
              board_array   Data   R   0x10000004
     single_col_separator   Data   R   0x100001e7
               board_size   Data   R   0x10000000
             error_num_fv   Text   R   0x004000bc
                 READ_INT          A   0x00000005
               MIN_HEIGHT          A   0x00000001
              parse_board   Text   R   0x00400138
        error_input_value   Text   R   0x004000a4
                  pb_done   Text   R   0x004001c0
                 new_line   Data   R   0x100001fa
           error_fv_input   Text   R   0x004000d4
                 pbp_done   Text   R   0x00400134
                final_msg   Data   R   0x100001d3
                 MAX_SIZE          A   0x00000008
             three_spaces   Data   R   0x100001f1
           invalid_num_fv   Data   R   0x10000257
        parse_board_perim   Text   R   0x00400104
             PRINT_STRING          A   0x00000004
                     main   Text   RG  0x00400000
              south_array   Data   R   0x10000144
     single_row_separator   Data   R   0x100001e2
                    space   Data   R   0x100001ec
         illegal_fv_input   Data   R   0x10000290
              four_spaces   Data   R   0x100001f5
            illegal_input   Data   R   0x10000229
                  pb_loop   Text   R   0x0040013c
                 MIN_SIZE          A   0x00000003
                     EXIT          A   0x0000000a
               east_array   Data   R   0x10000124
               banner_msg   Data   R   0x10000184
  error_impossible_puzzle   Text   R   0x004000ec
                 pbp_loop   Text   R   0x00400108
                PRINT_INT          A   0x00000001

Module:  printers.obj
 Text segment:  696 bytes, load point 0x004001c4
 Symbols:
                     Name Section Mode    Value
             print_next_w   Text   R   0x004002d8
             print_loop_s   Text   R   0x00400364
       print_final_puzzle   Text   R   0x004001ec
            print_we_loop   Text   R   0x004002ac
               print_loop   Text   R   0x004003a8
                 READ_INT          A   0x00000005
        print_one_divider   Text   R   0x0040044c
               print_tile   Text   R   0x004003ec
     print_west_east_rows   Text   R   0x00400278
         print_empty_tile   Text   R   0x00400420
             PRINT_STRING          A   0x00000004
             print_banner   Text   R   0x004001c4
            print_empty_e   Text   R   0x00400314
            print_we_done   Text   R   0x0040034c
        print_row_divider   Text   R   0x00400434
           print_div_done   Text   R   0x00400468
            print_empty_w   Text   R   0x004002c8
               print_done   Text   R   0x004003d0
              print_board   Text   R   0x00400200
     print_initial_puzzle   Text   R   0x004001d8
          print_north_row   Text   R   0x00400220
        print_loop_s_init   Text   R   0x0040035c
                     EXIT          A   0x0000000a
             print_done_s   Text   R   0x0040038c
          print_south_row   Text   R   0x0040024c
                PRINT_INT          A   0x00000001
             print_next_e   Text   R   0x00400324

Module:  r2k_startup.obj
 Text segment:  36 bytes, load point 0x0040047c
 Symbols:
                     Name Section Mode    Value
                SYS_EXIT2          A   0x00000011
           __r2k__entry__   Text   RG  0x00400480
