   1 0000               # File: skyscrapers.asm
   2 0000               # Author: Jenny Zhen
   3 0000               # Description: Solves a Skyscrapers puzzle.
   4 0000               # Arguments:
   5 0000               # 	
   6 0000               #
   7 0000               # Returns:
   8 0000               #
   9 0000               
  10 0000               # CONSTANTS
  11 0000               MIN_SIZE = 3
  12 0000               MAX_SIZE = 8
  13 0000               MIN_HEIGHT = 1
  14 0000               
  15 0000               # syscall codes
  16 0000               PRINT_INT = 1
  17 0000               PRINT_STRING = 4
  18 0000               READ_INT = 5
  19 0000               EXIT = 10
  20 0000               
  21 0000               #
  22 0000               # Name:		Data areas
  23 0000               #
  24 0000               # Description:	Data for the program, including: board data, puzzle messages, 
  25 0000               #		and error messages.
  26 0000               #
  27 0000               
  28 0000               	.data
  29 0000               	.align 2
  30 0000               	
  31 0000               board_size:
  32 0000 00000000		.space	4		# room for board size, size for 1 word
  33 0004               
  34 0004               board_array:
  35 0004 00000000		.space	8*8*4	# room for input values, size for 8 by 8 words
          00000000
          00000000
          00000000
          00000000
          00000000
  36 0104               	
  37 0104               board_copy:
  38 0104 00000000		.space	8*8*4	# room for input values, size for 8 by 8 words
          00000000
          00000000
          00000000
          00000000
          00000000
  39 0204               	
  40 0204               north_array:		# room for input values, size for 8 words
  41 0204 00000000		.space	8*4	
          00000000
          00000000
          00000000
          00000000
          00000000
  42 0224               
  43 0224               east_array:			# room for input values, size for 8 words
  44 0224 00000000		.space	8*4	
          00000000
          00000000
          00000000
          00000000
          00000000
  45 0244               
  46 0244               south_array:		# room for input values, size for 8 words
  47 0244 00000000		.space	8*4	
          00000000
          00000000
          00000000
          00000000
          00000000
  48 0264               
  49 0264               west_array:			# room for input values, size for 8 words
  50 0264 00000000		.space	8*4	
          00000000
          00000000
          00000000
          00000000
          00000000
  51 0284               	
  52 0284               	#
  53 0284               	# the print constants for the code
  54 0284               	#
  55 0284               	.align 0
  56 0284               
  57 0284               banner_msg:	
  58 0284 0A      		.ascii	"\n"
  59 0285 2A2A2A2A		.ascii	"*******************\n"
          2A2A2A2A
          2A2A2A2A
          2A2A2A2A
          2A2A2A0A
  60 0299 2A2A2020		.ascii	"**  SKYSCRAPERS  **\n"
          534B5953
          43524150
          45525320
          202A2A0A
  61 02ad 2A2A2A2A		.asciiz	"*******************\n\n"
          2A2A2A2A
          2A2A2A2A
          2A2A2A2A
          2A2A2A0A
          0A00    
  62 02c3               
  63 02c3               initial_msg:	
  64 02c3 496E6974		.asciiz	"Initial Puzzle\n\n"
          69616C20
          50757A7A
          6C650A0A
          00      
  65 02d4               	
  66 02d4               final_msg:
  67 02d4 46696E61		.asciiz "Final Puzzle\n\n"
          6C205075
          7A7A6C65
          0A0A00  
  68 02e3               	
  69 02e3               single_row_separator:
  70 02e3 2B2D2D2D		.asciiz "+---"
          00      
  71 02e8               
  72 02e8               single_col_separator:
  73 02e8 7C00    		.asciiz "|"
  74 02ea               	
  75 02ea               row_terminator:
  76 02ea 2B0A00  		.asciiz "+\n"
  77 02ed               
  78 02ed               space:
  79 02ed 2000    		.asciiz " "
  80 02ef               	
  81 02ef               two_spaces:
  82 02ef 202000  		.asciiz "  "
  83 02f2               	
  84 02f2               three_spaces:
  85 02f2 20202000		.asciiz "   "
  86 02f6               	
  87 02f6               four_spaces:
  88 02f6 20202020		.asciiz	"    "
          00      
  89 02fb               	
  90 02fb               new_line:
  91 02fb 0A00    		.asciiz "\n"
  92 02fd               	
  93 02fd               invalid_board_size:
  94 02fd 496E7661		.asciiz "Invalid board size, Skyscrapers terminating\n"
          6C696420
          626F6172
          64207369
          7A652C20
          536B7973
  95 032a               	
  96 032a               illegal_input:
  97 032a 496C6C65		.asciiz "Illegal input value, Skyscrapers terminating\n"
          67616C20
          696E7075
          74207661
          6C75652C
          20536B79
  98 0358               	
  99 0358               invalid_num_fv:
 100 0358 496E7661		.asciiz "Invalid number of fixed values, Skyscrapers terminating\n"
          6C696420
          6E756D62
          6572206F
          66206669
          78656420
 101 0391               	
 102 0391               illegal_fv_input:
 103 0391 496C6C65		.asciiz "Illegal fixed input values, Skyscrapers terminating\n"
          67616C20
          66697865
          6420696E
          70757420
          76616C75
 104 03c6               	
 105 03c6               impossible_puzzle:
 106 03c6 496D706F		.asciiz "Impossible Puzzle\n\n"
          73736962
          6C652050
          757A7A6C
          650A0A00
 107 03da               	
 108 0000               	.text							# this is program code
 109 0000               	.align	2						# instructions must be on word boundaries
 110 0000               	
 111 0000               									# global labels
 112 0000               	.globl	main					# from skyscrapers.asm
 113 0000               	.globl	print_banner			# from printers.asm
 114 0000               	.globl	print_initial_puzzle	# from printers.asm
 115 0000               	.globl	print_final_puzzle		# from printers.asm
 116 0000               	
 117 0000               #
 118 0000               # Name:		MAIN PROGRAM
 119 0000               #
 120 0000               # Description:	Main logic for the program.
 121 0000               #
 122 0000               #	This program reads in numbers and places them in arrays representing the 
 123 0000               #	skyscrapers game board. Once the reading is done, a brute-force method is 
 124 0000               #	applied to attempt to solve the puzzle.
 125 0000               #
 126 0000               	
 127 0000               main:
 128 0000 34020005		li	$v0, READ_INT		# read in the value of the first integer parameter
 129 0004 0000000C		syscall
 130 0008               	
 131 0008 3C080000		la	$t0, board_size
     000c 35080000
 132 0010 AD020000		sw	$v0, 0($t0)			# store the value of the first param, board size
 133 0014               	
 134 0014 0040B821		move	$s7, $v0		# store the board size into $s7 for easier access
 135 0018 2AE10003		blt	$s7, MIN_SIZE, error_board_size				# validate input
     001c 1420001D
 136 0020 2AE10009		bgt	$s7, MAX_SIZE, error_board_size				# validate input
     0024 1020001B
 137 0028               	
 138 0028 3C040000		la	$a0, north_array	# store the address of the pointer to north_array
     002c 34840000
 139 0030 0C000043		jal	parse_board_perim	# parse the input for north
 140 0034 3C040000		la	$a0, east_array		# store the address of the pointer to east_array
     0038 34840000
 141 003c 0C000043		jal	parse_board_perim	# parse the input for east
 142 0040 3C040000		la	$a0, south_array	# store the address of the pointer to south_array
     0044 34840000
 143 0048 0C000043		jal	parse_board_perim	# parse the input for south
 144 004c 3C040000		la	$a0, west_array		# store the address of the pointer to west_array
     0050 34840000
 145 0054 0C000043		jal	parse_board_perim	# parse the input for west
 146 0058               	
 147 0058 34020005		li	$v0, READ_INT		# read in the value of the next integer parameter
 148 005c 0000000C		syscall
 149 0060               	
 150 0060 00403021		move	$a2, $v0		# store the number of fixed values
 151 0064 00C0082A		blt	$a2, $zero, error_num_fv					# validate input
     0068 14200016
 152 006c               	
 153 006c 3C040000		la	$a0, board_array	# store the address of the pointer to board_array
     0070 34840000
 154 0074 3C050000		la	$a1, board_copy		# store the address of the pointer to board_copy
     0078 34A50000
 155 007c 0C000050		jal	parse_board			# parse the input for board
 156 0080               	
 157 0080 0C000000		jal	print_banner
 158 0084 0C000000		jal	print_initial_puzzle
 159 0088 0C000000		jal	print_final_puzzle
 160 008c               	
 161 008c 3402000A		li	$v0, EXIT
 162 0090 0000000C		syscall							# terminate program
 163 0094               	
 164 0094               error_board_size:
 165 0094 34020004		li	$v0, PRINT_STRING			# load the syscall code
 166 0098 3C040000		la	$a0, invalid_board_size		# load the address to the string
     009c 34840000
 167 00a0 0000000C		syscall							# tell the OS to print
 168 00a4 3402000A		li	$v0, EXIT
 169 00a8 0000000C		syscall							# terminate program
 170 00ac               	
 171 00ac               error_input_value:
 172 00ac 34020004		li	$v0, PRINT_STRING			# load the syscall code
 173 00b0 3C040000		la	$a0, illegal_input			# load the address to the string
     00b4 34840000
 174 00b8 0000000C		syscall							# tell the OS to print
 175 00bc 3402000A		li	$v0, EXIT
 176 00c0 0000000C		syscall							# terminate program
 177 00c4               	
 178 00c4               error_num_fv:
 179 00c4 34020004		li	$v0, PRINT_STRING			# load the syscall code
 180 00c8 3C040000		la	$a0, invalid_num_fv			# load the address to the string
     00cc 34840000
 181 00d0 0000000C		syscall							# tell the OS to print
 182 00d4 3402000A		li	$v0, EXIT
 183 00d8 0000000C		syscall							# terminate program
 184 00dc               	
 185 00dc               error_fv_input:
 186 00dc 34020004		li	$v0, PRINT_STRING			# load the syscall code
 187 00e0 3C040000		la	$a0, illegal_fv_input		# load the address to the string
     00e4 34840000
 188 00e8 0000000C		syscall							# tell the OS to print
 189 00ec 3402000A		li	$v0, EXIT
 190 00f0 0000000C		syscall							# terminate program
 191 00f4               	
 192 00f4               error_impossible_puzzle:
 193 00f4 34020004		li	$v0, PRINT_STRING			# load the syscall code
 194 00f8 3C040000		la	$a0, impossible_puzzle		# load the address to the string
     00fc 34840000
 195 0100 0000000C		syscall							# tell the OS to print
 196 0104 3402000A		li	$v0, EXIT
 197 0108 0000000C		syscall							# terminate program
 198 010c               
 199 010c               parse_board_perim:
 200 010c 34080000		li	$t0, 0						# counter for the number of values read in
 201 0110               	
 202 0110               pbp_loop:
 203 0110 1117000A		beq	$t0, $s7, pbp_done
 204 0114 34020005		li	$v0, READ_INT				# read in a single perimeter value
 205 0118 0000000C		syscall
 206 011c               	
 207 011c 0040082A		blt	$v0, $zero, error_input_value				# validate input
     0120 1420FFE2
 208 0124 02E2082A		bgt	$v0, $s7, error_input_value					# validate input
     0128 1420FFE0
 209 012c               	
 210 012c AC820000		sw	$v0, 0($a0)					# store the perimeter value
 211 0130 20840004		addi	$a0, $a0, 4				# move address to base pointer over
 212 0134 21080001		addi	$t0, $t0, 1				# increment counter
 213 0138 08000044		j	pbp_loop
 214 013c               
 215 013c               pbp_done:
 216 013c 03E00008		jr	$ra
 217 0140               	
 218 0140               parse_board:
 219 0140 34080000		li	$t0, 0						# counter for the number of values read in
 220 0144               	
 221 0144               pb_loop:
 222 0144 11060023		beq	$t0, $a2, pb_done			# no fixed values to be read
 223 0148               
 224 0148               	# to-do: change the bgt s7 to s7 - 1
 225 0148               	
 226 0148 00009821		move	$s3, $zero				# clear $s3
 227 014c               	
 228 014c 34020005		li	$v0, READ_INT				# read in the row
 229 0150 0000000C		syscall
 230 0154 0040082A		blt	$v0, $zero, error_fv_input					# validate input
     0158 1420FFE0
 231 015c 02E2082A		bgt	$v0, $s7, error_fv_input					# validate input
     0160 1420FFDE
 232 0164 00408021		move	$s0, $v0				# store the row value
 233 0168               	
 234 0168 34020005		li	$v0, READ_INT				# read in the col value
 235 016c 0000000C		syscall
 236 0170 0040082A		blt	$v0, $zero, error_fv_input					# validate input
     0174 1420FFD9
 237 0178 02E2082A		bgt	$v0, $s7, error_fv_input					# validate input
     017c 1420FFD7
 238 0180 00408821		move	$s1, $v0				# store the col value
 239 0184               	
 240 0184 34020005		li	$v0, READ_INT				# read in the fixed value
 241 0188 0000000C		syscall
 242 018c 28410001		blt	$v0, MIN_HEIGHT, error_fv_input				# validate input
     0190 1420FFD2
 243 0194 02E2082A		bgt	$v0, $s7, error_fv_input					# validate input
     0198 1420FFD0
 244 019c 00409021		move	$s2, $v0				# store the fixed value
 245 01a0               	
 246 01a0 02170018		mul	$s3, $s0, $s7
     01a4 00009812
 247 01a8 02719820		add	$s3, $s3, $s1				# get the index of the piece
 248 01ac               	
 249 01ac 34190004		li	$t9, 4						# 4 bytes in a word
 250 01b0 02790018		mul	$s3, $s3, $t9				# get the displacement/offset
     01b4 00009812
 251 01b8               	
 252 01b8               									# store the value into the board_array
 253 01b8 0264C820		add	$t9, $s3, $a0				# move the pointer over
 254 01bc AF320000		sw	$s2, 0($t9)					# store the fixed value
 255 01c0               	
 256 01c0               									# store the value into the board_copy
 257 01c0 0264C822		sub	$t9, $s3, $a0				# unmove the pointer over
 258 01c4 0265C820		add	$t9, $s3, $a1				# move the pointer over
 259 01c8 AF320000		sw	$s2, 0($t9)					# store the fixed value
 260 01cc               	
 261 01cc 21080001		addi	$t0, $t0, 1				# increment counter
 262 01d0 08000051		j	pb_loop
 263 01d4               	
 264 01d4               pb_done:
 265 01d4 03E00008		jr	$ra


EXIT                     = 0000000A   
MAX_SIZE                 = 00000008   
MIN_HEIGHT               = 00000001   
MIN_SIZE                 = 00000003   
PRINT_INT                = 00000001   
PRINT_STRING             = 00000004   
READ_INT                 = 00000005   
banner_msg                 00000284 R  data 
board_array                00000004 R  data 
board_copy                 00000104 R  data 
board_size                 00000000 R  data 
east_array                 00000224 R  data 
error_board_size           00000094 R  text 
error_fv_input             000000DC R  text 
error_impossible_puzzle    000000F4 R  text 
error_input_value          000000AC R  text 
error_num_fv               000000C4 R  text 
final_msg                  000002D4 R  data 
four_spaces                000002F6 R  data 
illegal_fv_input           00000391 R  data 
illegal_input              0000032A R  data 
impossible_puzzle          000003C6 R  data 
initial_msg                000002C3 R  data 
invalid_board_size         000002FD R  data 
invalid_num_fv             00000358 R  data 
main                       00000000 RG text 
new_line                   000002FB R  data 
north_array                00000204 R  data 
parse_board                00000140 R  text 
parse_board_perim          0000010C R  text 
pb_done                    000001D4 R  text 
pb_loop                    00000144 R  text 
pbp_done                   0000013C R  text 
pbp_loop                   00000110 R  text 
print_banner               ******** XG
print_final_puzzle         ******** XG
print_initial_puzzle       ******** XG
row_terminator             000002EA R  data 
single_col_separator       000002E8 R  data 
single_row_separator       000002E3 R  data 
south_array                00000244 R  data 
space                      000002ED R  data 
three_spaces               000002F2 R  data 
two_spaces                 000002EF R  data 
west_array                 00000264 R  data 
