   1 0000               # File:		$Id$
   2 0000               # Author:	J. Heliotis, (author's version 1.3)
   3 0000               # Contributors:	K. Reek, 
   4 0000               # 		P. White, 
   5 0000               #		Jenny Zhen
   6 0000               # Description:	This program reads a description of a geometric
   7 0000               #		figure from standard input and displays some
   8 0000               #		further information about it. Currently, the
   9 0000               #		program handles two types of figures: blocks
  10 0000               #		(rectangles) and circles.
  11 0000               #
  12 0000               # Purpose:	To demonstrate the implementation of polymorphic
  13 0000               #		subroutine calls
  14 0000               #
  15 0000               # Revisions:	$Log$
  16 0000               #		4/1/04	M. Reek changed to use MIPS linkage conventions
  17 0000               #
  18 0000               # CONSTANTS
  19 0000               #
  20 0000               # syscall codes
  21 0000               PRINT_INT =	1
  22 0000               PRINT_STRING = 	4
  23 0000               READ_INT = 	5
  24 0000               READ_STRING =	8
  25 0000               
  26 0000               # various frame sizes used by different routines
  27 0000               
  28 0000               FRAMESIZE_8 = 	8
  29 0000               FRAMESIZE_24 =	24
  30 0000               FRAMESIZE_40 =	40
  31 0000               FRAMESIZE_48 =	48
  32 0000               
  33 0000               	.data
  34 0000               	.align 2
  35 0000               
  36 0000               	#
  37 0000               	# Memory for allocating up to 100 figures.
  38 0000               	#
  39 0000               next:	
  40 0000 00000004		.word	pool		# ptr into the pool where next free
  41 0004               				# space is located
  42 0004               pool:	
  43 0004 00000000		.space	1200		# room for 100 figures
          00000000
          00000000
          00000000
          00000000
          00000000
  44 04b4               pool_end:			# a marker for the end of the free space
  45 04b4 00000000		.word	0		# used to tell us if we are out of mem
  46 04b8               
  47 04b8               fig_width:
  48 04b8 00000000		.word	0
  49 04bc               fig_height:
  50 04bc 00000000		.word	0
  51 04c0               
  52 04c0               	.align 0
  53 04c0               fig_char:
  54 04c0 30313233		.asciiz	"0123456789"	# I know this isn't a character, but
          34353637
          383900  
  55 04cb               				# SPIMs only has read_string, which 
  56 04cb               				# reads to eol and then null
  57 04cb               				# terminates the string it read in
  58 04cb               
  59 04cb               	#
  60 04cb               	# some constants for the code
  61 04cb               	#
  62 04cb               PI	= 3			# an bad integer approx. to pi, 3.14159...
  63 04cb               
  64 04cb               char_c:	
  65 04cb 43      		.ascii	"C"
  66 04cc               char_b:	
  67 04cc 42      		.ascii	"B"
  68 04cd               
  69 04cd               new_error:
  70 04cd 4F757420		.asciiz	"Out of memory for allocating figures.\n"
          6F66206D
          656D6F72
          7920666F
          7220616C
          6C6F6361
  71 04f4               
  72 04f4               figure_type_error_string:
  73 04f4 496C6C65		.asciiz	"Illegal figure type\n"
          67616C20
          66696775
          72652074
          7970650A
          00      
  74 0509               
  75 0509               circle_string:
  76 0509 43697263		.asciiz	"Circle ("
          6C652028
          00      
  77 0512               
  78 0512               block_string:
  79 0512 426C6F63		.asciiz	"Block ("
          6B202800
  80 051a               
  81 051a               comma_string:
  82 051a 2C00    		.asciiz	","
  83 051c               
  84 051c               area_string:
  85 051c 29202D20		.asciiz	") - area = "
          61726561
          203D2000
  86 0528               
  87 0528               perimeter_string:
  88 0528 3B207065		.asciiz	"; perimeter = "
          72696D65
          74657220
          3D2000  
  89 0537               
  90 0537               new_line:
  91 0537 0A00    		.asciiz	"\n"
  92 0539               
  93 0539               #
  94 0539               # Name:		MAIN PROGRAM
  95 0539               #
  96 0539               # Description:	Main logic for the program.
  97 0539               #
  98 0539               #		The program reads three values from standard input:
  99 0539               #		1) a character representing the type of figure to create
 100 0539               #		2) an integer representing the width of the bounding box
 101 0539               #			of the figure
 102 0539               #		3) an integer representing the height of the bounding box
 103 0539               #			of the figure
 104 0539               #
 105 0539               #		After creating the specified figure object, the program then
 106 0539               #		displays all available information on the object created.
 107 0539               #
 108 0539               
 109 0000               	.text			# this is program code
 110 0000               	.align 2		# instructions must be on word boundaries
 111 0000               	.globl main		# main is a global label
 112 0000               
 113 0000               main:
 114 0000               	# allocate stack frame according to formula & save state
 115 0000               
 116 0000 23BDFFE8		addi 	$sp, $sp,-FRAMESIZE_24   	
 117 0004 AFBF0014		sw 	$ra, -4+FRAMESIZE_24($sp)	
 118 0008 AFB10010		sw 	$s1, -8+FRAMESIZE_24($sp)
 119 000c AFB0000C		sw 	$s0, -12+FRAMESIZE_24($sp)
 120 0010               
 121 0010               	#
 122 0010               	# Read the character representing the figure type
 123 0010               	#
 124 0010               
 125 0010 34020008		li 	$v0, READ_STRING	# read a string	
 126 0014 3C040000		la 	$a0, fig_char	# place to store the char read in
     0018 34840000
 127 001c 20050009		addi	$a1, $zero, 9	# the number of characters to read
 128 0020 0000000C		syscall
 129 0024               
 130 0024               	#
 131 0024               	# Read the width into r1
 132 0024               	#
 133 0024 34020005		li	$v0, READ_INT
 134 0028 0000000C		syscall
 135 002c 00408021		move	$s0, $v0
 136 0030               
 137 0030               	#
 138 0030               	# Read the height into r2
 139 0030               	#
 140 0030 34020005		li	$v0, READ_INT
 141 0034 0000000C		syscall
 142 0038 00408821		move	$s1, $v0
 143 003c               
 144 003c               	#
 145 003c               	# Do the output
 146 003c               	#
 147 003c 02002021		move	$a0, $s0
 148 0040 02202821		move	$a1, $s1
 149 0044 0C000079		jal	output_figures
 150 0048               
 151 0048               #
 152 0048               # All done -- exit the program!
 153 0048               #
 154 0048 8FBF0014		lw 	$ra, -4+FRAMESIZE_24($sp)	
 155 004c 8FB10010		lw 	$s1, -8+FRAMESIZE_24($sp)
 156 0050 8FB0000C		lw 	$s0, -12+FRAMESIZE_24($sp)
 157 0054               
 158 0054 23BD0018		addi 	$sp, $sp, FRAMESIZE_24   	
 159 0058 03E00008		jr 	$ra		# return from main and exit spim
 160 005c               	
 161 005c               
 162 005c               # ***********************************************************************
 163 005c               # *                                                                     *
 164 005c               # * THIS IS THE START OF EXPERIMENT-SPECIFIC CODE                       *
 165 005c               # *                                                                     *
 166 005c               # ***********************************************************************
 167 005c               
 168 005c               # Name:		Constants to keep in mind while working with figures
 169 005c               #
 170 005c               
 171 005c               # A Figure contains three words 
 172 005c               #		address of virtual function table at offset 0 in fig object
 173 005c               #		figure width 	at offset 4 in fig object
 174 005c               #		figure height 	at offset 8 in fig object
 175 005c               # Making the figures size as 12 bytes
 176 005c               
 177 005c               # A Figure virtual function table contains two function addresses (words):
 178 005c               #		addr area function 	at offset 0 in vtable
 179 005c               #		addr perimeter function	at offset 4 in vtable
 180 005c               #
 181 005c               
 182 005c               #
 183 005c               # Name:		new_figure
 184 005c               #
 185 005c               # Description:	Allocate space for a new figure from the pool of
 186 005c               #		available space. Luckily, both subclasses of FIGURE
 187 005c               #		take up the same amount of space.
 188 005c               #
 189 005c               # Arguments:	None.
 190 005c               # Returns:	v0: the address of the newly allocated figure.
 191 005c               #
 192 005c               
 193 005c               new_figure:
 194 005c               	#
 195 005c               	# See if there is any space left in the pool.
 196 005c               	#
 197 005c               
 198 005c 3C010000		lw	$t0, next
     0060 8C280000
 199 0064 3C090000		la	$t1, pool_end
     0068 35290000
 200 006c               
 201 006c 0109502A		slt	$t2, $t0, $t1	# Compare next addr to end of pool
 202 0070 15400006		bne	$t2, $zero, new_figure_ok	#  if less, still have space
 203 0074               
 204 0074               	#
 205 0074               	# No space left; write error message and exit.
 206 0074               	#
 207 0074               
 208 0074 34020004		li 	$v0, PRINT_STRING	# print error message
 209 0078 3C040000		la 	$a0, new_error
     007c 34840000
 210 0080 0000000C		syscall	
 211 0084               
 212 0084 3402000A		li 	$v0, 10		# terminate program
 213 0088 0000000C		syscall	
 214 008c               
 215 008c               new_figure_ok:
 216 008c               	#
 217 008c               	# There is space available.  Allocate the next figure, and
 218 008c               	# initialize all of its fields.
 219 008c               	#
 220 008c               
 221 008c 01001021		move	$v0, $t0	# set up to return spot for new figure
 222 0090 2108000C		addi	$t0, $t0, 12	# Adjust pointer to next figure
 223 0094 3C010000		sw	$t0, next
     0098 AC280000
 224 009c               
 225 009c               	#
 226 009c               	# Clear all fields.
 227 009c               	#
 228 009c               
 229 009c AC400000		sw	$zero, 0($v0)
 230 00a0 AC400004		sw	$zero, 4($v0)
 231 00a4 AC400008		sw	$zero, 8($v0)
 232 00a8               
 233 00a8 03E00008		jr	$ra
 234 00ac               
 235 00ac               
 236 00ac               #
 237 00ac               # Name:		figure_make
 238 00ac               #
 239 00ac               # Description:	Initialize the components of the figure object.
 240 00ac               #		Since FIGURE is an abstract class, it is expected that
 241 00ac               #		the creation subroutines for child classes will call this
 242 00ac               #		subroutine.
 243 00ac               #
 244 00ac               # Arguments:	a0 contains the height of the figure's bounding box
 245 00ac               #		a1 contains the width of the figure's bounding box
 246 00ac               #		a2 contains the address of the figure object
 247 00ac               #
 248 00ac               figure_make:
 249 00ac               
 250 00ac ACC50004		sw 	$a1, 4($a2)	# store the width in the fig object
 251 00b0 ACC40008		sw 	$a0, 8($a2)	# store the height in the fig object
 252 00b4               
 253 00b4 03E00008		jr	$ra
 254 00b8               
 255 00b8               # CODE FOR FIGURE SUBCLASS BLOCK
 256 00b8               
 257 00b8               #***** BEGIN STUDENT CODE BLOCK 1 ********************************
 258 00b8               #
 259 00b8               # Using the circle code below as your guide, write everything
 260 00b8               # necessary to implement the FIGURE child class called BLOCK.
 261 00b8               # This involves defining BLOCK's virtual function table, its
 262 00b8               # creation routine, block_make, and its two virtual (polymorphic)
 263 00b8               # functions, block_area and block_perimeter.
 264 00b8               #
 265 00b8               
 266 0539               	.data		# starting a data block
 267 0539 000000  		.align	2	# automatically pad data to be aligned by 2 byte multiples
 268 053c               	
 269 053c               block_vtbl:
 270 053c 00000000		.word	block_area			# define the function pointers
 271 0540 00000000		.word	block_perimeter
 272 0544               	
 273 00b8               	.text
 274 00b8               	
 275 00b8               #************************************
 276 00b8               #
 277 00b8               # Name:		block_make
 278 00b8               #
 279 00b8               # Description:	Initialize the components of the block object
 280 00b8               #		All this subroutine does is set the virtual function
 281 00b8               #		table, then call figure_make.
 282 00b8               #
 283 00b8               # Arguments:	a0 contains the height of the figure's bounding box
 284 00b8               #		a1 contains the width of the figure's bounding box
 285 00b8               #		a2 contains the address of the figure object
 286 00b8               #
 287 00b8               	
 288 00b8               block_make:
 289 00b8 23BDFFF8		addi 	$sp, $sp,-FRAMESIZE_8
 290 00bc AFBF0004		sw 	$ra, -4+FRAMESIZE_8($sp)
 291 00c0               
 292 00c0 3C090000		la	$t1, block_vtbl	# get block's vtable pointer
     00c4 35290000
 293 00c8 ACC90000		sw	$t1, 0($a2)	# put block's vtable pointer into this fig
 294 00cc               				# object
 295 00cc 0C00002B		jal	figure_make
 296 00d0               
 297 00d0 8FBF0004		lw 	$ra, -4+FRAMESIZE_8($sp)  # get ra off stack, and restore
 298 00d4 23BD0008		addi 	$sp, $sp, FRAMESIZE_8
 299 00d8 03E00008		jr	$ra
 300 00dc               	
 301 00dc               #
 302 00dc               # Name:		block_area
 303 00dc               #
 304 00dc               # Description:	Compute the area of the block figure
 305 00dc               #
 306 00dc               # Arguments:	a0 contains the address of the figure object
 307 00dc               #
 308 00dc               # Returns:	v0 contains the area
 309 00dc               #
 310 00dc               block_area:
 311 00dc 23BDFFF8		addi 	$sp, $sp,-FRAMESIZE_8
 312 00e0 AFBF0004		sw 	$ra, -4+FRAMESIZE_8($sp)
 313 00e4               
 314 00e4 0C00004E		jal	block_dimensions			# get my width in v0, height in v1
 315 00e8               	
 316 00e8 00430018		mul	$v0, $v0, $v1				# v0 = width * height
     00ec 00001012
 317 00f0               
 318 00f0 8FBF0004		lw 	$ra, -4+FRAMESIZE_8($sp)	# restore ra from stack
 319 00f4 23BD0008		addi 	$sp, $sp, FRAMESIZE_8
 320 00f8 03E00008		jr	$ra
 321 00fc               	
 322 00fc               #
 323 00fc               # Name:		block_perimeter
 324 00fc               #
 325 00fc               # Description:	Compute the perimeter of the block figure
 326 00fc               #
 327 00fc               # Arguments:	a0 contains the address of the figure object
 328 00fc               #
 329 00fc               # Returns:	v0 contains the perimeter
 330 00fc               #
 331 00fc               block_perimeter:
 332 00fc 23BDFFF8		addi 	$sp, $sp,-FRAMESIZE_8
 333 0100 AFBF0004		sw 	$ra, -4+FRAMESIZE_8($sp)
 334 0104               
 335 0104 0C00004E		jal	block_dimensions			# get my width in v0, height in v1
 336 0108               	
 337 0108 10400007		beq $v0, $zero, zero_perimeter	# if width is zero, skip calculations
 338 010c 10600006		beq $v1, $zero, zero_perimeter	# if height is zero, skip calculations
 339 0110               	
 340 0110 00421020		add	$v0, $v0, $v0				# v0 = v0 * 2
 341 0114 00431020		add $v0, $v0, $v1				# v0 = v0 + v1
 342 0118 00431020		add $v0, $v0, $v1				# v0 = v0 + v1 => v0 = (v0 * 2) + (v1 * 2)
 343 011c               
 344 011c 8FBF0004		lw 	$ra, -4+FRAMESIZE_8($sp)	# restore ra from stack
 345 0120 23BD0008		addi 	$sp, $sp, FRAMESIZE_8
 346 0124 03E00008		jr	$ra
 347 0128               
 348 0128               zero_perimeter:
 349 0128 34020000		li $v0, 0						# return 0 as perimeter
 350 012c               	
 351 012c 8FBF0004		lw 	$ra, -4+FRAMESIZE_8($sp)	# restore ra from stack
 352 0130 23BD0008		addi 	$sp, $sp, FRAMESIZE_8
 353 0134 03E00008		jr $ra
 354 0138               	
 355 0138               #
 356 0138               # Name:		block_dimensions
 357 0138               #
 358 0138               # Description:	Compute the dimensions of the block figure
 359 0138               #
 360 0138               # Arguments:	a0 contains the address of the figure object
 361 0138               #
 362 0138               # Returns:	v0 contains the width
 363 0138               #			v1 contains the height
 364 0138               #
 365 0138               block_dimensions:
 366 0138 8C820004		lw	$v0, 4($a0)	# get fig's width
 367 013c 8C830008		lw	$v1, 8($a0)	# get fig's height
 368 0140 03E00008		jr	$ra
 369 0144               
 370 0144               
 371 0144               #***** END STUDENT CODE BLOCK 1 **********************************
 372 0144               
 373 0144               # CODE FOR FIGURE SUBCLASS CIRCLE
 374 0144               
 375 0144               #************************************
 376 0544               	.data
 377 0544               	.align	2
 378 0544               
 379 0544               circle_vtbl:
 380 0544 00000000		.word	circle_area
 381 0548 00000000		.word	circle_perimeter
 382 054c               
 383 0144               	.text
 384 0144               #************************************
 385 0144               #
 386 0144               # Name:		circle_make
 387 0144               #
 388 0144               # Description:	Initialize the components of the circle object
 389 0144               #		All this subroutine does is set the virtual function
 390 0144               #		table, then call figure_make.
 391 0144               #
 392 0144               # Arguments:	a0 contains the height of the figure's bounding box
 393 0144               #		a1 contains the width of the figure's bounding box
 394 0144               #		a2 contains the address of the figure object
 395 0144               #
 396 0144               
 397 0144               circle_make:
 398 0144 23BDFFF8		addi 	$sp, $sp,-FRAMESIZE_8
 399 0148 AFBF0004		sw 	$ra, -4+FRAMESIZE_8($sp)
 400 014c               
 401 014c 3C090000		la	$t1, circle_vtbl	# get circle's vtable pointer
     0150 35290000
 402 0154 ACC90000		sw	$t1, 0($a2)	# put circle's vtable pointer into this fig
 403 0158               				# object
 404 0158 0C00002B		jal	figure_make
 405 015c               
 406 015c 8FBF0004		lw 	$ra, -4+FRAMESIZE_8($sp)  # get ra off stack, and restore
 407 0160 23BD0008		addi 	$sp, $sp, FRAMESIZE_8
 408 0164 03E00008		jr	$ra
 409 0168               
 410 0168               #
 411 0168               # Name:		circle_area
 412 0168               #
 413 0168               # Description:	Compute the area of the circle figure
 414 0168               #
 415 0168               # Arguments:	a0 contains the address of the figure object
 416 0168               #
 417 0168               # Returns:	v0 contains the area
 418 0168               #
 419 0168               circle_area:
 420 0168 23BDFFF8		addi 	$sp, $sp,-FRAMESIZE_8
 421 016c AFBF0004		sw 	$ra, -4+FRAMESIZE_8($sp)
 422 0170               
 423 0170 34190003		li	$t9, PI		# get our int approx. for PI = 3
 424 0174               
 425 0174 0C000071		jal	circle_diameter	# get my diameter in v0
 426 0178               	
 427 0178 34010002		div	$t0, $v0, 2	# t0 = radius
     017c 0041001A
     0180 00004012
 428 0184 01080018		mul	$t1, $t0, $t0	# t1 = radius squared
     0188 00004812
 429 018c 01390018		mul	$v0, $t1, $t9	# v0 = PI * radius squared
     0190 00001012
 430 0194               
 431 0194 8FBF0004		lw 	$ra, -4+FRAMESIZE_8($sp)	# restore ra from stack
 432 0198 23BD0008		addi 	$sp, $sp, FRAMESIZE_8
 433 019c 03E00008		jr	$ra
 434 01a0               
 435 01a0               #
 436 01a0               # Name:		circle_perimeter
 437 01a0               #
 438 01a0               # Description:	Compute the perimeter of the circle figure
 439 01a0               #
 440 01a0               # Arguments:	a0 contains the address of the figure object
 441 01a0               #
 442 01a0               # Returns:	v0 contains the perimeter
 443 01a0               #
 444 01a0               circle_perimeter:
 445 01a0 23BDFFF8		addi 	$sp, $sp,-FRAMESIZE_8
 446 01a4 AFBF0004		sw 	$ra, -4+FRAMESIZE_8($sp)
 447 01a8               
 448 01a8 34190003		li	$t9, PI		# get our int approx. for PI = 3
 449 01ac               
 450 01ac 0C000071		jal	circle_diameter	# get my diameter in v0
 451 01b0               	
 452 01b0 00590018		mul	$v0, $v0, $t9	# v0 = PI * diameter
     01b4 00001012
 453 01b8               
 454 01b8 8FBF0004		lw 	$ra, -4+FRAMESIZE_8($sp)	# restore ra from stack
 455 01bc 23BD0008		addi 	$sp, $sp, FRAMESIZE_8
 456 01c0 03E00008		jr	$ra
 457 01c4               
 458 01c4               #
 459 01c4               # Name:		circle_diameter
 460 01c4               #
 461 01c4               # Description:	Compute the diameter of the circle figure
 462 01c4               #
 463 01c4               # Arguments:	a0 contains the address of the figure object
 464 01c4               #
 465 01c4               # Returns:	v0 contains the diameter
 466 01c4               #
 467 01c4               circle_diameter:
 468 01c4 8C880004		lw	$t0, 4($a0)	# get fig's width
 469 01c8 8C890008		lw	$t1, 8($a0)	# get fig's height
 470 01cc               
 471 01cc 0109502A		slt	$t2, $t0, $t1	# see if width < height
 472 01d0 11400002		beq	$t2, $zero, cd_height_bigger
 473 01d4               
 474 01d4 01001021		move	$v0, $t0	# width is smaller
 475 01d8 03E00008		jr	$ra
 476 01dc               
 477 01dc               cd_height_bigger:
 478 01dc 01201021		move	$v0, $t1	# height is smaller
 479 01e0 03E00008		jr	$ra
 480 01e4               
 481 01e4               #
 482 01e4               # Name:		output_figures
 483 01e4               #
 484 01e4               # Description:	Given the paramters for a figure, make one and print out
 485 01e4               #		its attributes.
 486 01e4               #
 487 01e4               # Arguments:	fig_char: Character representing figure type
 488 01e4               #		a0: width
 489 01e4               #		a1: height
 490 01e4               #
 491 01e4               #
 492 01e4               output_figures:
 493 01e4 23BDFFD0		addi	$sp, $sp,-FRAMESIZE_48
 494 01e8 AFBF002C		sw	$ra, -4+FRAMESIZE_48($sp)
 495 01ec AFB70028		sw	$s7, -8+FRAMESIZE_48($sp)
 496 01f0 AFB60024		sw	$s6, -12+FRAMESIZE_48($sp)
 497 01f4 AFB50020		sw	$s5, -16+FRAMESIZE_48($sp)
 498 01f8 AFB4001C		sw	$s4, -20+FRAMESIZE_48($sp)
 499 01fc AFB30018		sw	$s3, -24+FRAMESIZE_48($sp)
 500 0200 AFB20014		sw	$s2, -28+FRAMESIZE_48($sp)
 501 0204 AFB10010		sw	$s1, -32+FRAMESIZE_48($sp)
 502 0208 AFB0000C		sw	$s0, -36+FRAMESIZE_48($sp)
 503 020c               
 504 020c 00809821		move	$s3, $a0	# s3 will be the width
 505 0210 00A0A021		move	$s4, $a1	# s4 will be the height
 506 0214               
 507 0214 0C000017		jal	new_figure	# create a new figure
 508 0218 00408821		move	$s1, $v0	# save the pointer to the fig object
 509 021c               
 510 021c               	#
 511 021c               	# Now, see which one we should make
 512 021c               	#
 513 021c               
 514 021c 3C010000		lbu	$s6, char_c	# get our characters for comparison
     0220 90360000
 515 0224 3C010000		lbu	$s7, char_b
     0228 90370000
 516 022c               
 517 022c 3C010000		lbu	$s5, fig_char	# get the type of fig to create
     0230 90350000
 518 0234               
 519 0234 16B6000B		bne	$s5, $s6, not_circle  # see if creating a circle
 520 0238               	#
 521 0238               	# Set up the arguments to the circle_make call
 522 0238               	# 	a0 contains the height of the figure's bounding box
 523 0238               	# 	a1 contains the width of the figure's bounding box
 524 0238               	#	a2 contains the address of the figure object
 525 0238               	#
 526 0238 02802021		move	$a0, $s4		# s4 was the height
 527 023c 02602821		move	$a1, $s3		# s3 was the width
 528 0240 02203021		move	$a2, $s1		# s1 was the location of new fig object
 529 0244 0C000051		jal	circle_make
 530 0248               
 531 0248               
 532 0248               	#
 533 0248               	# Print "Circle ("
 534 0248               	#
 535 0248               
 536 0248 34020004		li 	$v0, PRINT_STRING	# print a "Circle ("
 537 024c 3C040000		la 	$a0, circle_string
     0250 34840000
 538 0254 0000000C		syscall	
 539 0258               
 540 0258 02202021		move	$a0, $s1		# send the pointer to the fig object
 541 025c               				# as the arg. to print_rest
 542 025c 0C0000B4		jal	print_rest	# print rest of info of the fig
 543 0260 080000A9		j 	done_output
 544 0264               
 545 0264               
 546 0264               not_circle:
 547 0264 16B7000B		bne	$s5, $s7, not_anything  # see if creating a block
 548 0268               	#
 549 0268               	# Set up the arguments to the block_make call
 550 0268               	# 	a0 contains the height of the figure's bounding box
 551 0268               	# 	a1 contains the width of the figure's bounding box
 552 0268               	#	a2 contains the address of the figure object
 553 0268               	#
 554 0268 02802021		move	$a0, $s4		# s4 was the height
 555 026c 02602821		move	$a1, $s3		# s3 was the width
 556 0270 02203021		move	$a2, $s1		# s1 was the location of new fig object
 557 0274 0C00002E		jal	block_make
 558 0278               
 559 0278               
 560 0278               	#
 561 0278               	# Print "Block ("
 562 0278               	#
 563 0278               
 564 0278 34020004		li 	$v0, PRINT_STRING	# print a "Block ("
 565 027c 3C040000		la 	$a0, block_string
     0280 34840000
 566 0284 0000000C		syscall	
 567 0288               
 568 0288 02202021		move	$a0, $s1		# send the pointer to the fig object
 569 028c               				# as the arg. to print_rest
 570 028c 0C0000B4		jal	print_rest	# print rest of info of the fig
 571 0290 080000A9		j 	done_output
 572 0294               
 573 0294               not_anything:
 574 0294               	#
 575 0294               	# Print error message
 576 0294               	#
 577 0294               
 578 0294 34020004		li 	$v0, PRINT_STRING
 579 0298 3C040000		la 	$a0, figure_type_error_string
     029c 34840000
 580 02a0 0000000C		syscall	
 581 02a4               
 582 02a4               	#
 583 02a4               	# exit
 584 02a4               	#
 585 02a4               
 586 02a4               done_output:
 587 02a4 8FBF002C		lw	$ra, -4+FRAMESIZE_48($sp)
 588 02a8 8FB70028		lw	$s7, -8+FRAMESIZE_48($sp)
 589 02ac 8FB60024		lw	$s6, -12+FRAMESIZE_48($sp)
 590 02b0 8FB50020		lw	$s5, -16+FRAMESIZE_48($sp)
 591 02b4 8FB4001C		lw	$s4, -20+FRAMESIZE_48($sp)
 592 02b8 8FB30018		lw	$s3, -24+FRAMESIZE_48($sp)
 593 02bc 8FB20014		lw	$s2, -28+FRAMESIZE_48($sp)
 594 02c0 8FB10010		lw	$s1, -32+FRAMESIZE_48($sp)
 595 02c4 8FB0000C		lw	$s0, -36+FRAMESIZE_48($sp)
 596 02c8 23BD0030		addi	$sp, $sp, FRAMESIZE_48
 597 02cc               
 598 02cc 03E00008		jr	$ra
 599 02d0               
 600 02d0               #
 601 02d0               # Name:		print_rest
 602 02d0               #
 603 02d0               # Description:	prints out the information about a figure
 604 02d0               #
 605 02d0               # Arguments:	a0: contains the address of the figure object
 606 02d0               #
 607 02d0               
 608 02d0               print_rest:
 609 02d0               	#
 610 02d0               	# Save all the S registers & ra
 611 02d0               	#
 612 02d0 23BDFFD8		addi	$sp, $sp,-FRAMESIZE_40
 613 02d4 AFBF0024		sw	$ra, -4+FRAMESIZE_40($sp)
 614 02d8 AFB70020		sw	$s7, -8+FRAMESIZE_40($sp)
 615 02dc AFB6001C		sw	$s6, -12+FRAMESIZE_40($sp)
 616 02e0 AFB50018		sw	$s5, -16+FRAMESIZE_40($sp)
 617 02e4 AFB40014		sw	$s4, -20+FRAMESIZE_40($sp)
 618 02e8 AFB30010		sw	$s3, -24+FRAMESIZE_40($sp)
 619 02ec AFB2000C		sw	$s2, -28+FRAMESIZE_40($sp)
 620 02f0 AFB10008		sw	$s1, -32+FRAMESIZE_40($sp)
 621 02f4 AFB00004		sw	$s0, -36+FRAMESIZE_40($sp)
 622 02f8               
 623 02f8 00808021		move	$s0, $a0	# s0 will be your pointer to figure
 624 02fc               				# since a0 is needed by the syscalls
 625 02fc               
 626 02fc               #***** BEGIN STUDENT CODE BLOCK 2 ********************************
 627 02fc               #
 628 02fc               # Print the figure's width using PRINT_INT. At this point, s0 contains
 629 02fc               # the address of the figure object, and shouldn't be changed.
 630 02fc               #
 631 02fc               # Note that this does not involve any polymorphic functions.
 632 02fc               #
 633 02fc               
 634 02fc 34020001		li 	$v0, PRINT_INT		# tell the OS to print an int (e.g. %d for printf)
 635 0300 8E040004		lw	$a0, 4($s0)			# print the width
 636 0304 0000000C		syscall
 637 0308               
 638 0308               #***** END STUDENT CODE BLOCK 2 **********************************
 639 0308               
 640 0308 34020004		li 	$v0, PRINT_STRING	# print ','
 641 030c 3C040000		la 	$a0, comma_string
     0310 34840000
 642 0314 0000000C		syscall
 643 0318               
 644 0318               #***** BEGIN STUDENT CODE BLOCK 3 ********************************
 645 0318               #
 646 0318               # Print the figure's height using PRINT_INT. At this point, s0 contains
 647 0318               # the address of the figure object, and shouldn't be changed.
 648 0318               #
 649 0318               # Note that this does not involve any polymorphic functions.
 650 0318               #
 651 0318               
 652 0318 34020001		li 	$v0, PRINT_INT		# tell the OS to print an int (e.g. %d for printf)
 653 031c 8E040008		lw	$a0, 8($s0)			# print the height
 654 0320 0000000C		syscall
 655 0324               
 656 0324               #***** END STUDENT CODE BLOCK 3 **********************************
 657 0324               	
 658 0324 34020004		li 	$v0, PRINT_STRING 	# print ') - area = '
 659 0328 3C040000		la 	$a0, area_string
     032c 34840000
 660 0330 0000000C		syscall
 661 0334               
 662 0334               #***** BEGIN STUDENT CODE BLOCK 4 ********************************
 663 0334               #
 664 0334               # Print the figure's area using PRINT_INT. At this point, s0 contains
 665 0334               # the address of the figure object, and shouldn't be changed.
 666 0334               #
 667 0334               
 668 0334 8E080000		lw	$t0, 0($s0)			# load the address of the figure's v-table
 669 0338 8D080000		lw	$t0, 0($t0)			# load the address of the figure's area function
 670 033c 02002021		move $a0, $s0			# load the address of the figure into argument
 671 0340 0100F809		jalr $t0				# get the area
 672 0344 00402021		move	$a0, $v0		# print the area
 673 0348 34020001		li 	$v0, PRINT_INT		# tell the OS to print an int (e.g. %d for printf)
 674 034c 0000000C		syscall
 675 0350               
 676 0350               #***** END STUDENT CODE BLOCK 4 **********************************
 677 0350               	
 678 0350 34020004		li 	$v0, PRINT_STRING	# print '; perimeter = '
 679 0354 3C040000		la 	$a0, perimeter_string
     0358 34840000
 680 035c 0000000C		syscall
 681 0360               
 682 0360               #***** BEGIN STUDENT CODE BLOCK 5 ********************************
 683 0360               #
 684 0360               # Print the figure's perimeter using PRINT_INT. At this point, s0
 685 0360               # contains the address of the figure object, and shouldn't be changed.
 686 0360               #
 687 0360               
 688 0360 8E080000		lw	$t0, 0($s0)			# load the address of the figure's v-table
 689 0364 8D080004		lw	$t0, 4($t0)			# load the address of the figure's perimeter func
 690 0368 02002021		move $a0, $s0			# load the address of the figure into argument
 691 036c 0100F809		jalr $t0				# get the perimeter
 692 0370 00402021		move	$a0, $v0		# print the perimeter
 693 0374 34020001		li 	$v0, PRINT_INT		# tell the OS to print an int (e.g. %d for printf)
 694 0378 0000000C		syscall
 695 037c               	
 696 037c               #***** END STUDENT CODE BLOCK 5 **********************************
 697 037c               
 698 037c               	
 699 037c 34020004		li 	$v0, PRINT_STRING	# print newline
 700 0380 3C040000		la 	$a0, new_line
     0384 34840000
 701 0388 0000000C		syscall
 702 038c               
 703 038c               	#
 704 038c               	# Restore all the S registers
 705 038c               	#
 706 038c 8FBF0024		lw	$ra, -4+FRAMESIZE_40($sp)
 707 0390 8FB70020		lw	$s7, -8+FRAMESIZE_40($sp)
 708 0394 8FB6001C		lw	$s6, -12+FRAMESIZE_40($sp)
 709 0398 8FB50018		lw	$s5, -16+FRAMESIZE_40($sp)
 710 039c 8FB40014		lw	$s4, -20+FRAMESIZE_40($sp)
 711 03a0 8FB30010		lw	$s3, -24+FRAMESIZE_40($sp)
 712 03a4 8FB2000C		lw	$s2, -28+FRAMESIZE_40($sp)
 713 03a8 8FB10008		lw	$s1, -32+FRAMESIZE_40($sp)
 714 03ac 8FB00004		lw	$s0, -36+FRAMESIZE_40($sp)
 715 03b0 23BD0028		addi	$sp, $sp, FRAMESIZE_40
 716 03b4               
 717 03b4 03E00008		jr	$ra


FRAMESIZE_24              = 00000018   
FRAMESIZE_40              = 00000028   
FRAMESIZE_48              = 00000030   
FRAMESIZE_8               = 00000008   
PI                        = 00000003   
PRINT_INT                 = 00000001   
PRINT_STRING              = 00000004   
READ_INT                  = 00000005   
READ_STRING               = 00000008   
area_string                 0000051C R  data 
block_area                  000000DC R  text 
block_dimensions            00000138 R  text 
block_make                  000000B8 R  text 
block_perimeter             000000FC R  text 
block_string                00000512 R  data 
block_vtbl                  0000053C R  data 
cd_height_bigger            000001DC R  text 
char_b                      000004CC R  data 
char_c                      000004CB R  data 
circle_area                 00000168 R  text 
circle_diameter             000001C4 R  text 
circle_make                 00000144 R  text 
circle_perimeter            000001A0 R  text 
circle_string               00000509 R  data 
circle_vtbl                 00000544 R  data 
comma_string                0000051A R  data 
done_output                 000002A4 R  text 
fig_char                    000004C0 R  data 
fig_height                  000004BC R  data 
fig_width                   000004B8 R  data 
figure_make                 000000AC R  text 
figure_type_error_string    000004F4 R  data 
main                        00000000 RG text 
new_error                   000004CD R  data 
new_figure                  0000005C R  text 
new_figure_ok               0000008C R  text 
new_line                    00000537 R  data 
next                        00000000 R  data 
not_anything                00000294 R  text 
not_circle                  00000264 R  text 
output_figures              000001E4 R  text 
perimeter_string            00000528 R  data 
pool                        00000004 R  data 
pool_end                    000004B4 R  data 
print_rest                  000002D0 R  text 
zero_perimeter              00000128 R  text 
